
Discarded input sections

 .text          0x0000000000000000        0x0 main.o
 .data          0x0000000000000000        0x0 main.o
 .bss           0x0000000000000000        0x0 main.o
 .text.mystrlen
                0x0000000000000000       0x14 main.o
 .comment       0x0000000000000000       0x12 main.o
 .ARM.attributes
                0x0000000000000000       0x31 main.o
 .data          0x0000000000000000        0x0 crt0.o
 .bss           0x0000000000000000        0x0 crt0.o
 .text.open     0x0000000000000000        0x6 crt0.o
 .text.close    0x0000000000000000        0x6 crt0.o
 .text.system   0x0000000000000000        0x6 crt0.o
 .text.write    0x0000000000000000        0x6 crt0.o
 .text.read     0x0000000000000000        0x6 crt0.o
 .text.usleep   0x0000000000000000        0x6 crt0.o
 .ARM.attributes
                0x0000000000000000       0x21 crt0.o

Memory Configuration

Name             Origin             Length             Attributes
*default*        0x0000000000000000 0xffffffffffffffff

Linker script and memory map

                0x0000000000000094                . = (0x0 + SIZEOF_HEADERS)

.text           0x0000000000000098       0x10
 *(.text)
 .text          0x0000000000000098        0x8 crt0.o
                0x0000000000000098                _start
 *(.text.*)
 .text.main     0x00000000000000a0        0x4 main.o
                0x00000000000000a0                main
 .text._exit    0x00000000000000a4        0x4 crt0.o
                0x00000000000000a4                _exit
 *(.gnu.linkonce.t.*)

.glue_7         0x00000000000000a8        0x0
 .glue_7        0x0000000000000000        0x0 linker stubs

.glue_7t        0x00000000000000a8        0x0
 .glue_7t       0x0000000000000000        0x0 linker stubs

.vfp11_veneer   0x00000000000000a8        0x0
 .vfp11_veneer  0x0000000000000000        0x0 linker stubs

.v4_bx          0x00000000000000a8        0x0
 .v4_bx         0x0000000000000000        0x0 linker stubs

.plt            0x00000000000000a8        0x0
 .plt           0x0000000000000000        0x0 main.o

.rel.dyn        0x00000000000000a8        0x0
 .rel.plt       0x0000000000000000        0x0 main.o

.rel.data
 *(.rel.data .rel.data.* .rel.gnu.linkonce.d.*)

.rel.got        0x00000000000000a8        0x0
 *(.rel.got)
 .rel.got       0x0000000000000000        0x0 main.o
                0x0000000010000000                . = 0x10000000

.got            0x0000000010000000        0xc
 *(.got.plt)
 .got.plt       0x0000000010000000        0xc main.o
                0x0000000010000000                _GLOBAL_OFFSET_TABLE_
 *(.igot.plt)
 *(.got)
 .got           0x0000000000000000        0x0 main.o
 *(.igot)

.dynamic        0x000000001000000c       0x28
 *(.dynamic)
 .dynamic       0x000000001000000c       0x28 main.o
                0x000000001000000c                _DYNAMIC

.rodata
 *(.rodata)
 *(.rodata.*)
 *(.gnu.linkonce.r.*)

.gnu.version_d  0x0000000010000034        0x0
 .gnu.version_d
                0x0000000000000000        0x0 main.o

.gnu.version    0x0000000010000034        0x0
 .gnu.version   0x0000000000000000        0x0 main.o

.gnu.version_r  0x0000000010000034        0x0
 .gnu.version_r
                0x0000000000000000        0x0 main.o

.data
 *(.data)
 *(.data.*)
 *(.gnu.linkonce.d.*)

.bss
 *(.bss)
 *(.bss.*)
 *(.gnu.linkonce.b.*)
 *(COMMON)

.dynbss         0x0000000010000034        0x0
 .dynbss        0x0000000000000000        0x0 main.o

/DISCARD/
 *(.interp)
 *(.dynsym)
 *(.dynstr)
 *(.hash)
 *(.comment)
 *(.ARM.attributes)
LOAD main.o
LOAD crt0.o
START GROUP
LOAD /opt/arm-miosix-eabi/lib/gcc/arm-eabi/4.5.2/../../../../arm-eabi/lib/thumb/thumb2/libstdc++.a
LOAD /opt/arm-miosix-eabi/lib/gcc/arm-eabi/4.5.2/../../../../arm-eabi/lib/thumb/thumb2/libc.a
LOAD /opt/arm-miosix-eabi/lib/gcc/arm-eabi/4.5.2/../../../../arm-eabi/lib/thumb/thumb2/libm.a
LOAD /opt/arm-miosix-eabi/lib/gcc/arm-eabi/4.5.2/thumb/thumb2/libgcc.a
END GROUP
OUTPUT(main.elf elf32-littlearm)
